╔══════════════════════════════════════════════════╗
║                                                  ║
║                   ＋ 添加项目                    ║
║                                                  ║
║                     项目路径                     ║
║  │ > /tmp/test-project                           ║
║                                                  ║
║                     项目名称                     ║
║  │ > Test Project                                ║
║                                                  ║
║    [Enter] 确认  ·  [Tab] 切换  ·  [Esc] 取消    ║
║                                                  ║
╚══════════════════════════════════════════════════╝