Gocoding - 项目管理                                         
                                                            
                                                            
▸ Test Project 1 │ ×5                                       
                                                            
                                                            
                                                            
                                                            
                                                            
                                                            
                                                            
                                                            
                                                            
                                                            
                                                            
                                                            
                                                            
                                                            
                                                            
                                                            
                                                            
                                                            
│ ↑↓/j/k导航 [/]搜索 [n]添加 [b]批量 [e]编辑 [d]删除 [p]配置
│ [Enter]IDE [1-4]快速 [q]退出                              