╭────────────────────────────────────────────────────────────────╮
│                                                                │
│                           ⚙ 模型配置                           │
│  ╭──────────────────────────────────────────────────────────╮  │
│  │                                                          │  │
│  │  ℹ i 公司 配置已生效，无需更新                           │  │
│  │                                                          │  │
│  ╰──────────────────────────────────────────────────────────╯  │
│                                                                │
│                                                                │
│                                                                │
│                                                                │
│    ▸  i 公司                                                   │
│      https://api.test.com • test-model                         │
│                                                                │
│                                                                │
│                                                                │
│                                                                │
│                                                                │
│                                                                │
│                                                                │
│                                                                │
│                                                                │
│    [k↑/j↓] 选择  [N] 新增  [E] 编辑  [D] 删除  [A] 激活        │
│                         [Esc] 退出                             │
│                                                                │
╰────────────────────────────────────────────────────────────────╯