╭────────────────────────────────────────────────────────────────╮
│                                                                │
│                           ⚙ 模型配置                           │
│                                                                │
│                                                                │
│    ▸  i 公司                                                   │
│      https://api.test.com • test-model                         │
│                                                                │
│                                                                │
│                                                                │
│                                                                │
│                                                                │
│                                                                │
│                                                                │
│                                                                │
│                                                                │
│  ╭──────────────────────────────────────────────────────────╮  │
│  │                                                          │  │
│  │  ℹ i 公司 配置已生效，无需更新                           │  │
│  │                                                          │  │
│  ╰──────────────────────────────────────────────────────────╯  │
│                                                                │
│                                                                │
╰────────────────────────────────────────────────────────────────╯